// Jest Snapshot v1, https://goo.gl/fbAQLP

exports[`shared: Header should render 1`] = `
<header
  className="MuiPaper-root-11 MuiPaper-elevation4-17 MuiAppBar-root-3 MuiAppBar-positionStatic-7 MuiAppBar-colorPrimary-9 Header-root-1"
>
  <div
    className="MuiToolbar-root-38 MuiToolbar-gutters-39"
  >
    <h2
      className="MuiTypography-root-40 MuiTypography-title-46 MuiTypography-colorInherit-59 Header-flex-2"
    >
      ChecklistShare
    </h2>
    <a
      className="MuiButtonBase-root-79 MuiButton-root-64 MuiButton-colorInherit-68"
      href="#/"
      onBlur={[Function]}
      onClick={[Function]}
      onFocus={[Function]}
      onKeyDown={[Function]}
      onKeyUp={[Function]}
      onMouseDown={[Function]}
      onMouseLeave={[Function]}
      onMouseUp={[Function]}
      onTouchEnd={[Function]}
      onTouchMove={[Function]}
      onTouchStart={[Function]}
      role="button"
      tabIndex="0"
    >
      <span
        className="MuiButton-label-65"
      >
        Home
      </span>
      <span
        className="MuiTouchRipple-root-82"
      />
    </a>
  </div>
</header>
`;
