// Jest Snapshot v1, https://goo.gl/fbAQLP

exports[`pages/Home: ChecklistCreated matches snapshot 1`] = `
<div
  className="MuiGrid-container-1 MuiGrid-justify-xs-center-18"
>
  <div
    className="MuiGrid-item-2"
  >
    <h1
      className="MuiTypography-root-91 MuiTypography-headline-96 MuiTypography-gutterBottom-108 MuiTypography-alignCenter-104"
    >
      Something went wrong on our end. Please try again.
    </h1>
  </div>
</div>
`;
